
========================================================
  PHONEMART - COMPREHENSIVE TEST SUITE
  Testing: All APIs + Frontend Connectivity + 10K Load
========================================================

=== PART 1: BACKEND API ENDPOINT TESTS ===

--- 1A. Public Endpoints (No Auth) ---
  [PASS] GET /api/public/categories -> 200 (3 categories, 31ms)
  [PASS] GET /api/public/brands -> 200 (13 brands, 7ms)
  [PASS] GET /api/public/search -> 200 (5 products, 32ms)
  [PASS] GET /api/public/search?q=iPhone -> 200 (2 results, 26ms)
  [PASS] GET /api/public/search?category=1 -> 200 (2 results, 21ms)
  [PASS] GET /api/public/search?city=Jaffna -> 200 (4 results, 5ms)
  [PASS] GET /api/public/shops/{id} -> 404 (18ms)
  [PASS] GET /api/public/shops/{id}/products -> 200 (25ms)
  [PASS] GET /api/public/shops/{id}/ratings -> 200 (16ms)

--- 1B. Auth Endpoints ---
  [PASS] POST /api/auth/login (bad creds) -> 400 (rejected correctly, 15ms)
  [PASS] POST /api/auth/login (admin) -> 200 (JWT received, len=355, 36ms)

--- 1C. Admin Endpoints (JWT Required) ---
  [PASS] GET /api/admin/shops (no token) -> 401 (correctly unauthorized, 1ms)
  [PASS] GET /api/admin/shops -> 200 (5 shops, 11ms)
  [INFO]   Shop: "Test Mobile Hub" City: Colombo
  [INFO]   Shop: "Lucky Phone shop" City: jaffna
  [INFO]   Shop: "Colombo Mobile Parts" City: Colombo
  [INFO]   Shop: "Jaffna Mobile Hub" City: Jaffna
  [INFO]   Shop: "Jaffna Phone Hub" City: Jaffna
  [PASS] GET /api/admin/shops/{id} -> 200 (9ms)

--- 1D. Shop Owner Endpoints (Owner JWT Required) ---
  [PASS] GET /api/shop/my-shop (no token) -> 401 (correctly unauthorized, 1ms)
  [PASS] POST /api/auth/login (owner) -> 200 (Owner JWT received, 40ms)
  [PASS] GET /api/shop/my-shop -> 200 (Shop: "Jaffna Mobile Hub", 4ms)
  [PASS] GET /api/shop/products -> 200 (5 products, 22ms)
  [PASS] GET /api/shop/wholesale -> 200 (1 listings, 18ms)

--- 1E. Wholesale Marketplace Endpoints ---
  [PASS] GET /api/wholesale (no token) -> 401 (correctly unauthorized, 2ms)
  [PASS] GET /api/wholesale -> 200 (1 listings, 27ms)
  [PASS] GET /api/wholesale?itemType=1 -> 200 (filtered, 28ms)

--- 1F. Image Endpoints ---
  [PASS] POST /api/images/upload (no token) -> 401 (correctly unauthorized, 2ms)

--- 1G. CORS Check ---
  [PASS] CORS header present: http://localhost:4200 (4ms)

=== PART 2: FRONTEND <-> BACKEND CONNECTIVITY ===

--- 2A. Frontend Availability ---
  [FAIL] Frontend -> 404 (Expected 200)

=== PART 3: LOAD TEST - 10,000 CONCURRENT CUSTOMER REQUESTS ===

  [INFO] Total requests: 10000
  [INFO] Batch size: 500
  [INFO] Endpoints: 5 public URLs
  [INFO] Starting load test...
  [INFO] Progress: 25% (2500/10000)
  [INFO] Progress: 50% (5000/10000)
  [INFO] Progress: 75% (7500/10000)
  [INFO] Progress: 100% (10000/10000)

--- Load Test Results ---
  Total Requests:      10000
  Total Time:          8.47s
  Throughput:          1181 req/sec

  Successful:          10000 (100.00%)
  Failed (HTTP):       0
  Timeouts:            0
  Connection Errors:   0

  Min Response:        198ms
  Average Response:    342ms
  Median (P50):        328ms
  P90:                 439ms
  P95:                 503ms
  P99:                 617ms
  Max Response:        651ms

  [PASS] Load Test PASSED: 100.00% success, P95=503ms, 1181 req/sec
  [INFO] Backend can handle 10,000 concurrent customers!

========================================================
  FINAL TEST REPORT
========================================================
  Total Tests:    26
  Passed:         25
  Failed:         1
  Success Rate:   96.2%
  Verdict:        MOSTLY PASSED
========================================================